python : Internal Server Error: /payments/create/
At line:1 char:49
+ ... nagement" ; python test_payment_submit.py > test_output.txt 2>&1 ; Ge ...
+                 ~~~~~~~~~~~~~~~~~~~~~~~~~~~~~~~~~~~~~~~~~~~~~~~~~~~~
    + CategoryInfo          : NotSpecified: (Internal Server Error: /payments/create/:String) [], Remot 
   eException
    + FullyQualifiedErrorId : NativeCommandError
 
Traceback (most recent call last):
  File "C:\Users\Admin\AppData\Local\Programs\Python\Python313\Lib\site-packages\django\core\handlers\ex
ception.py", line 55, in inner
    response = get_response(request)
  File "C:\Users\Admin\AppData\Local\Programs\Python\Python313\Lib\site-packages\django\core\handlers\ba
se.py", line 197, in _get_response
    response = wrapped_callback(request, *callback_args, **callback_kwargs)
  File "C:\Users\Admin\AppData\Local\Programs\Python\Python313\Lib\site-packages\django\views\generic\ba
se.py", line 105, in view
    return self.dispatch(request, *args, **kwargs)
           ~~~~~~~~~~~~~^^^^^^^^^^^^^^^^^^^^^^^^^^
  File "C:\Users\Admin\AppData\Local\Programs\Python\Python313\Lib\site-packages\django\contrib\auth\mix
ins.py", line 73, in dispatch
    return super().dispatch(request, *args, **kwargs)
           ~~~~~~~~~~~~~~~~^^^^^^^^^^^^^^^^^^^^^^^^^^
  File "C:\Users\Admin\AppData\Local\Programs\Python\Python313\Lib\site-packages\django\views\generic\ba
se.py", line 144, in dispatch
    return handler(request, *args, **kwargs)
  File "C:\Users\Admin\AppData\Local\Programs\Python\Python313\Lib\site-packages\django\views\generic\ed
it.py", line 182, in post
    return super().post(request, *args, **kwargs)
           ~~~~~~~~~~~~^^^^^^^^^^^^^^^^^^^^^^^^^^
  File "C:\Users\Admin\AppData\Local\Programs\Python\Python313\Lib\site-packages\django\views\generic\ed
it.py", line 153, in post
    return self.form_invalid(form)
           ~~~~~~~~~~~~~~~~~^^^^^^
  File "C:\Users\Admin\Desktop\School management\core\views\payment_views.py", line 132, in form_invalid
    print(f"\u2717 FORM INVALID - Errors: {form.errors}")
    ~~~~~^^^^^^^^^^^^^^^^^^^^^^^^^^^^^^^^^^^^^^^^^^^
  File "C:\Users\Admin\AppData\Local\Programs\Python\Python313\Lib\encodings\cp1252.py", line 19, in 
encode
    return codecs.charmap_encode(input,self.errors,encoding_table)[0]
           ~~~~~~~~~~~~~~~~~~~~~^^^^^^^^^^^^^^^^^^^^^^^^^^^^^^^^^^
UnicodeEncodeError: 'charmap' codec can't encode character '\u2717' in position 0: character maps to 
<undefined>

=== Testing Payment Form Submission ===

Admin: Admin User (ID: 1)
Student: Audrey, Anert (ID: 61)
Term: First Term 2026
Initial balance: $70.00

Submitting payment form...
  Student ID: 61
  Amount: 50.00
  Method: CASH
Traceback (most recent call last):
  File "C:\Users\Admin\Desktop\School management\test_payment_submit.py", line 98, in <module>
    test_payment_form()
    ~~~~~~~~~~~~~~~~~^^
  File "C:\Users\Admin\Desktop\School management\test_payment_submit.py", line 55, in test_payment_form
    response = client.post('/payments/create/', {
        'student': str(student.id),
    ...<3 lines>...
        'notes': 'Test payment'
    }, follow=False)
  File 
"C:\Users\Admin\AppData\Local\Programs\Python\Python313\Lib\site-packages\django\test\client.py", line 
1153, in post
    response = super().post(
        path,
    ...<5 lines>...
        **extra,
    )
  File 
"C:\Users\Admin\AppData\Local\Programs\Python\Python313\Lib\site-packages\django\test\client.py", line 
499, in post
    return self.generic(
           ~~~~~~~~~~~~^
        "POST",
        ^^^^^^^
    ...<6 lines>...
        **extra,
        ^^^^^^^^
    )
    ^
  File 
"C:\Users\Admin\AppData\Local\Programs\Python\Python313\Lib\site-packages\django\test\client.py", line 
671, in generic
    return self.request(**r)
           ~~~~~~~~~~~~^^^^^
  File 
"C:\Users\Admin\AppData\Local\Programs\Python\Python313\Lib\site-packages\django\test\client.py", line 
1087, in request
    self.check_exception(response)
    ~~~~~~~~~~~~~~~~~~~~^^^^^^^^^^
  File 
"C:\Users\Admin\AppData\Local\Programs\Python\Python313\Lib\site-packages\django\test\client.py", line 
802, in check_exception
    raise exc_value
  File "C:\Users\Admin\AppData\Local\Programs\Python\Python313\Lib\site-packages\django\core\handlers\ex
ception.py", line 55, in inner
    response = get_response(request)
  File "C:\Users\Admin\AppData\Local\Programs\Python\Python313\Lib\site-packages\django\core\handlers\ba
se.py", line 197, in _get_response
    response = wrapped_callback(request, *callback_args, **callback_kwargs)
  File "C:\Users\Admin\AppData\Local\Programs\Python\Python313\Lib\site-packages\django\views\generic\ba
se.py", line 105, in view
    return self.dispatch(request, *args, **kwargs)
           ~~~~~~~~~~~~~^^^^^^^^^^^^^^^^^^^^^^^^^^
  File "C:\Users\Admin\AppData\Local\Programs\Python\Python313\Lib\site-packages\django\contrib\auth\mix
ins.py", line 73, in dispatch
    return super().dispatch(request, *args, **kwargs)
           ~~~~~~~~~~~~~~~~^^^^^^^^^^^^^^^^^^^^^^^^^^
  File "C:\Users\Admin\AppData\Local\Programs\Python\Python313\Lib\site-packages\django\views\generic\ba
se.py", line 144, in dispatch
    return handler(request, *args, **kwargs)
  File "C:\Users\Admin\AppData\Local\Programs\Python\Python313\Lib\site-packages\django\views\generic\ed
it.py", line 182, in post
    return super().post(request, *args, **kwargs)
           ~~~~~~~~~~~~^^^^^^^^^^^^^^^^^^^^^^^^^^
  File "C:\Users\Admin\AppData\Local\Programs\Python\Python313\Lib\site-packages\django\views\generic\ed
it.py", line 153, in post
    return self.form_invalid(form)
           ~~~~~~~~~~~~~~~~~^^^^^^
  File "C:\Users\Admin\Desktop\School management\core\views\payment_views.py", line 132, in form_invalid
    print(f"\u2717 FORM INVALID - Errors: {form.errors}")
    ~~~~~^^^^^^^^^^^^^^^^^^^^^^^^^^^^^^^^^^^^^^^^^^^
  File "C:\Users\Admin\AppData\Local\Programs\Python\Python313\Lib\encodings\cp1252.py", line 19, in 
encode
    return codecs.charmap_encode(input,self.errors,encoding_table)[0]
           ~~~~~~~~~~~~~~~~~~~~~^^^^^^^^^^^^^^^^^^^^^^^^^^^^^^^^^^
UnicodeEncodeError: 'charmap' codec can't encode character '\u2717' in position 0: character maps to 
<undefined>
